
[1m[46m RUN [49m[22m [36mv4.0.16 [39m[90mC:/Users/loolo/OneDrive/Documents/Project/MapWar[39m

[90mstdout[2m | src/core/GameEngine.test.ts[2m > [22m[2mGameEngine[2m > [22m[2minitializes with correct defaults
[22m[39mGameEngine.startGame called
Initial resources accrued for P1 Gold: [33m10[39m

[90mstdout[2m | src/core/GameEngine.test.ts[2m > [22m[2mGameEngine[2m > [22m[2maccrues gold on turn end
[22m[39mGameEngine.startGame called
Initial resources accrued for P1 Gold: [33m10[39m

[90mstdout[2m | src/core/GameEngine.test.ts[2m > [22m[2mGameEngine[2m > [22m[2mPlanning Phase[2m > [22m[2mallows toggling a valid move
[22m[39mGameEngine.startGame called
Initial resources accrued for P1 Gold: [33m10[39m

[90mstdout[2m | src/core/GameEngine.test.ts[2m > [22m[2mGameEngine[2m > [22m[2mPlanning Phase[2m > [22m[2mprevents non-adjacent moves
[22m[39mGameEngine.startGame called
Initial resources accrued for P1 Gold: [33m10[39m

[90mstdout[2m | src/core/GameEngine.test.ts[2m > [22m[2mGameEngine[2m > [22m[2mPlanning Phase[2m > [22m[2mprevents moves when out of gold
[22m[39mGameEngine.startGame called
Initial resources accrued for P1 Gold: [33m10[39m

[90mstdout[2m | src/core/GameEngine.test.ts[2m > [22m[2mGameEngine[2m > [22m[2mPlanning Phase[2m > [22m[2mcalculates cost correctly for planning
[22m[39mGameEngine.startGame called
Initial resources accrued for P1 Gold: [33m10[39m

[90mstdout[2m | src/core/GameEngine.test.ts[2m > [22m[2mGameEngine[2m > [22m[2mCombat Mechanics check[2m > [22m[2mcharges 20G for adjacent attack
[22m[39mGameEngine.startGame called
Initial resources accrued for P1 Gold: [33m10[39m

[90mstdout[2m | src/core/GameEngine.test.ts[2m > [22m[2mGameEngine[2m > [22m[2mCombat Mechanics check[2m > [22m[2mcharges 40G for chained distance attack
[22m[39mGameEngine.startGame called
Initial resources accrued for P1 Gold: [33m10[39m

[90mstdout[2m | src/core/GameEngine.test.ts[2m > [22m[2mGameEngine[2m > [22m[2mCombat Mechanics check[2m > [22m[2mcharges 48G for base attack
[22m[39mGameEngine.startGame called
Initial resources accrued for P1 Gold: [33m10[39m

[90mstdout[2m | src/core/GameEngine.test.ts[2m > [22m[2mGameEngine[2m > [22m[2mVictory Condition[2m > [22m[2memits gameOver when base is captured
[22m[39mGameEngine.startGame called
Initial resources accrued for P1 Gold: [33m10[39m

[90mstdout[2m | src/core/GameEngine.test.ts[2m > [22m[2mGameEngine[2m > [22m[2mVictory Condition[2m > [22m[2mdoes NOT transfer lands on elimination but removes player
[22m[39mGameEngine.startGame called
Initial resources accrued for P1 Gold: [33m10[39m

[90mstdout[2m | src/core/GameEngine.test.ts[2m > [22m[2mGameEngine[2m > [22m[2mVictory Condition[2m > [22m[2maccrues gold on turn end and commits moves
[22m[39mGameEngine.startGame called
Initial resources accrued for P1 Gold: [33m10[39m

[90mstdout[2m | src/core/GameEngine.test.ts[2m > [22m[2mGameEngine[2m > [22m[2mVictory Condition[2m > [22m[2mblocks actions when game is over
[22m[39mGameEngine.startGame called
Initial resources accrued for P1 Gold: [33m10[39m

[90mstdout[2m | src/core/GameEngine.test.ts[2m > [22m[2mGameEngine[2m > [22m[2mVictory Condition[2m > [22m[2mblocks planning when game is over
[22m[39mGameEngine.startGame called
Initial resources accrued for P1 Gold: [33m10[39m

[90mstdout[2m | src/core/GameEngine.test.ts[2m > [22m[2mGameEngine[2m > [22m[2mVictory Condition[2m > [22m[2mrestarts game with terrain preservation
[22m[39mGameEngine.startGame called
Initial resources accrued for P1 Gold: [33m10[39m

[90mstdout[2m | src/core/GameEngine.test.ts[2m > [22m[2mGameEngine[2m > [22m[2mVictory Condition[2m > [22m[2mrestarts game reset resets buildings/bridges
[22m[39mGameEngine.startGame called
Initial resources accrued for P1 Gold: [33m10[39m

[90mstdout[2m | src/core/GameEngine.test.ts[2m > [22m[2mGameEngine[2m > [22m[2mallows chaining moves
[22m[39mGameEngine.startGame called
Initial resources accrued for P1 Gold: [33m10[39m

[90mstdout[2m | src/core/GameEngine.test.ts[2m > [22m[2mGameEngine[2m > [22m[2mConnectivity Logic[2m > [22m[2mmarks connected cells as true
[22m[39mGameEngine.startGame called
Initial resources accrued for P1 Gold: [33m10[39m

[90mstdout[2m | src/core/GameEngine.test.ts[2m > [22m[2mGameEngine[2m > [22m[2mConnectivity Logic[2m > [22m[2mmarks disconnected cells as false
[22m[39mGameEngine.startGame called
Initial resources accrued for P1 Gold: [33m10[39m

[90mstdout[2m | src/core/GameEngine.test.ts[2m > [22m[2mGameEngine[2m > [22m[2mConnectivity Logic[2m > [22m[2mhalves income for disconnected cells
[22m[39mGameEngine.startGame called
Initial resources accrued for P1 Gold: [33m10[39m

[90mstdout[2m | src/core/GameEngine.test.ts[2m > [22m[2mGameEngine[2m > [22m[2mrestores connection and income
[22m[39mGameEngine.startGame called
Initial resources accrued for P1 Gold: [33m10[39m

[90mstdout[2m | src/core/GameEngine.test.ts[2m > [22m[2mGameEngine[2m > [22m[2mNew Gameplay Rules[2m > [22m[2mVulnerability: Attacks on disconnected enemy tiles cost 30% less
[22m[39mGameEngine.startGame called
Initial resources accrued for P1 Gold: [33m10[39m

[90mstdout[2m | src/core/GameEngine.test.ts[2m > [22m[2mGameEngine[2m > [22m[2mNew Gameplay Rules[2m > [22m[2mSupply Line: Cannot expand from disconnected territory
[22m[39mGameEngine.startGame called
Initial resources accrued for P1 Gold: [33m10[39m

[90mstdout[2m | src/core/GameEngine.test.ts[2m > [22m[2mGameEngine[2m > [22m[2mNew Gameplay Rules[2m > [22m[2mSupply Line: Can expand from connected territory
[22m[39mGameEngine.startGame called
Initial resources accrued for P1 Gold: [33m10[39m

[90mstdout[2m | src/core/GameEngine.test.ts[2m > [22m[2mGameEngine[2m > [22m[2mNew Gameplay Rules[2m > [22m[2mEnclave Notification: Logs message when enclave created
[22m[39mGameEngine.startGame called
Initial resources accrued for P1 Gold: [33m10[39m

[90mstdout[2m | src/core/GameEngine.test.ts[2m > [22m[2mGameEngine[2m > [22m[2mBridge Mechanics[2m > [22m[2mcorrectly reports bridge build cost
[22m[39mGameEngine.startGame called
Initial resources accrued for P1 Gold: [33m10[39m

[90mstdout[2m | src/core/GameEngine.test.ts[2m > [22m[2mGameEngine[2m > [22m[2mBridge Mechanics[2m > [22m[2mallows building bridge on adjacent water
[22m[39mGameEngine.startGame called
Initial resources accrued for P1 Gold: [33m10[39m

[90mstdout[2m | src/core/GameEngine.test.ts[2m > [22m[2mGameEngine[2m > [22m[2mBridge Mechanics[2m > [22m[2mtransforms water to bridge on commit
[22m[39mGameEngine.startGame called
Initial resources accrued for P1 Gold: [33m10[39m

[90mstdout[2m | src/core/GameEngine.test.ts[2m > [22m[2mGameEngine[2m > [22m[2mBridge Mechanics[2m > [22m[2mbridge provides 0 income
[22m[39mGameEngine.startGame called
Initial resources accrued for P1 Gold: [33m10[39m

[90mstdout[2m | src/core/GameEngine.test.ts[2m > [22m[2mGameEngine[2m > [22m[2mBridge Mechanics[2m > [22m[2mbridge allows connectivity
[22m[39mGameEngine.startGame called
Initial resources accrued for P1 Gold: [33m10[39m

[90mstdout[2m | src/core/GameEngine.test.ts[2m > [22m[2mGameEngine[2m > [22m[2mBridge Mechanics[2m > [22m[2mfails to build bridge if not adjacent to owned territory
[22m[39mGameEngine.startGame called
Initial resources accrued for P1 Gold: [33m10[39m

[90mstdout[2m | src/core/GameEngine.test.ts[2m > [22m[2mGameEngine[2m > [22m[2mElimination Rules[2m > [22m[2mdisconnects all cells of an eliminated player
[22m[39mGameEngine.startGame called
Initial resources accrued for P1 Gold: [33m10[39m

[90mstdout[2m | src/core/GameEngine.test.ts[2m > [22m[2mGameEngine[2m > [22m[2mGame Persistence and Restart[2m > [22m[2mrestores eliminated players on restart
[22m[39mGameEngine.startGame called
Initial resources accrued for P1 Gold: [33m10[39m

[90mstdout[2m | src/core/GameEngine.test.ts[2m > [22m[2mGameEngine[2m > [22m[2mGame Persistence and Restart[2m > [22m[2mdestroys watchtower when capturing a wall
[22m[39mGameEngine.startGame called
Initial resources accrued for P1 Gold: [33m10[39m

[90mstdout[2m | src/core/GameEngine.test.ts[2m > [22m[2mGameEngine[2m > [22m[2mGame Persistence and Restart[2m > [22m[2mcycles turns correctly for multiple players
[22m[39mGameEngine.startGame called
Initial resources accrued for P1 Gold: [33m10[39m

[90mstdout[2m | src/core/GameEngine.test.ts[2m > [22m[2mGameEngine[2m > [22m[2mGame Persistence and Restart[2m > [22m[2mcycles turns correctly for multiple players
[22m[39mGameEngine.startGame called
Initial resources accrued for P1 Gold: [33m21[39m

[90mstdout[2m | src/core/GameEngine.test.ts[2m > [22m[2mGameEngine[2m > [22m[2mGame Persistence and Restart[2m > [22m[2mLogging System[2m > [22m[2memits error log when planning move with insufficient funds
[22m[39mGameEngine.startGame called
Initial resources accrued for P1 Gold: [33m10[39m

[90mstdout[2m | src/core/GameEngine.test.ts[2m > [22m[2mGameEngine[2m > [22m[2mGame Persistence and Restart[2m > [22m[2mLogging System[2m > [22m[2memits warning log when distance multiplier is active
[22m[39mGameEngine.startGame called
Initial resources accrued for P1 Gold: [33m10[39m

[90mstdout[2m | src/core/GameEngine.test.ts[2m > [22m[2mGameEngine[2m > [22m[2mGame Persistence and Restart[2m > [22m[2mLogging System[2m > [22m[2memits income summary log on turn start
[22m[39mGameEngine.startGame called
Initial resources accrued for P1 Gold: [33m10[39m

 [31mΓ¥»[39m src/core/GameEngine.test.ts [2m([22m[2m38 tests[22m[2m | [22m[31m1 failed[39m[2m)[22m[32m 21[2mms[22m[39m
     [32mΓ£ô[39m initializes with correct defaults[32m 2[2mms[22m[39m
     [32mΓ£ô[39m accrues gold on turn end[32m 1[2mms[22m[39m
       [32mΓ£ô[39m allows toggling a valid move[32m 1[2mms[22m[39m
       [32mΓ£ô[39m prevents non-adjacent moves[32m 0[2mms[22m[39m
       [32mΓ£ô[39m prevents moves when out of gold[32m 0[2mms[22m[39m
       [32mΓ£ô[39m calculates cost correctly for planning[32m 0[2mms[22m[39m
       [32mΓ£ô[39m charges 20G for adjacent attack[32m 0[2mms[22m[39m
       [32mΓ£ô[39m charges 40G for chained distance attack[32m 0[2mms[22m[39m
       [32mΓ£ô[39m charges 48G for base attack[32m 0[2mms[22m[39m
       [32mΓ£ô[39m emits gameOver when base is captured[32m 2[2mms[22m[39m
       [32mΓ£ô[39m does NOT transfer lands on elimination but removes player[32m 0[2mms[22m[39m
       [32mΓ£ô[39m accrues gold on turn end and commits moves[32m 0[2mms[22m[39m
       [32mΓ£ô[39m blocks actions when game is over[32m 0[2mms[22m[39m
       [32mΓ£ô[39m blocks planning when game is over[32m 0[2mms[22m[39m
       [32mΓ£ô[39m restarts game with terrain preservation[32m 0[2mms[22m[39m
       [32mΓ£ô[39m restarts game reset resets buildings/bridges[32m 0[2mms[22m[39m
     [32mΓ£ô[39m allows chaining moves[32m 0[2mms[22m[39m
       [32mΓ£ô[39m marks connected cells as true[32m 0[2mms[22m[39m
       [32mΓ£ô[39m marks disconnected cells as false[32m 0[2mms[22m[39m
       [32mΓ£ô[39m halves income for disconnected cells[32m 0[2mms[22m[39m
     [32mΓ£ô[39m restores connection and income[32m 0[2mms[22m[39m
       [32mΓ£ô[39m Vulnerability: Attacks on disconnected enemy tiles cost 30% less[32m 0[2mms[22m[39m
       [32mΓ£ô[39m Supply Line: Cannot expand from disconnected territory[32m 0[2mms[22m[39m
       [32mΓ£ô[39m Supply Line: Can expand from connected territory[32m 0[2mms[22m[39m
       [32mΓ£ô[39m Enclave Notification: Logs message when enclave created[32m 1[2mms[22m[39m
       [32mΓ£ô[39m correctly reports bridge build cost[32m 0[2mms[22m[39m
       [32mΓ£ô[39m allows building bridge on adjacent water[32m 0[2mms[22m[39m
       [32mΓ£ô[39m transforms water to bridge on commit[32m 0[2mms[22m[39m
       [32mΓ£ô[39m bridge provides 0 income[32m 0[2mms[22m[39m
       [32mΓ£ô[39m bridge allows connectivity[32m 0[2mms[22m[39m
       [32mΓ£ô[39m fails to build bridge if not adjacent to owned territory[32m 0[2mms[22m[39m
       [32mΓ£ô[39m disconnects all cells of an eliminated player[32m 0[2mms[22m[39m
       [32mΓ£ô[39m restores eliminated players on restart[32m 0[2mms[22m[39m
       [32mΓ£ô[39m destroys watchtower when capturing a wall[32m 0[2mms[22m[39m
       [32mΓ£ô[39m cycles turns correctly for multiple players[32m 0[2mms[22m[39m
         [32mΓ£ô[39m emits error log when planning move with insufficient funds[32m 0[2mms[22m[39m
[31m         [31m├ù[31m emits warning log when distance multiplier is active[39m[32m 4[2mms[22m[39m
         [32mΓ£ô[39m emits income summary log on turn start[32m 0[2mms[22m[39m
node.exe : 
At line:1 char:1
+ & "C:\Program Files\nodejs/node.exe" "C:\Program Files\nodejs/node_mo ...
+ ~~~~~~~~~~~~~~~~~~~~~~~~~~~~~~~~~~~~~~~~~~~~~~~~~~~~~~~~~~~~~~~~~~~~~
    + CategoryInfo          : NotSpecified: (:String) [], RemoteException
    + FullyQualifiedErrorId : NativeCommandError
 
[31mΓÄ»ΓÄ»ΓÄ»ΓÄ»ΓÄ»ΓÄ»ΓÄ»[39m[1m[41m Failed Tests 1 
[49m[22m[31mΓÄ»ΓÄ»ΓÄ»ΓÄ»ΓÄ»ΓÄ»ΓÄ»[39m

[41m[1m FAIL [22m[49m src/core/GameEngine.test.ts[2m > [22mGameEngine[2m > 
[22mGame Persistence and Restart[2m > [22mLogging System[2m > [22memits 
warning log when distance multiplier is active
[31m[1mAssertionError[22m: expected "vi.fn()" to be called with arguments: [ 
ObjectContaining{ΓÇª} ][90m

Received: 

[1m  1st vi.fn() call:

[22m[2m  [[22m
[32m-   ObjectContaining {[90m
[32m-     "text": StringContaining "Distance Multiplier Active",[90m
[32m-     "type": "warning",[90m
[31m+   {[90m
[31m+     "text": "Attack Plan: Attack(20) x1.2 Disconnected(x0.7) Support(-20%) = 
13G",[90m
[2m    },[22m
[2m  ][22m
[31m[90m

Number of calls: [1m1[22m
[31m[39m
[36m [2mΓ¥»[22m src/core/GameEngine.test.ts:[2m707:29[22m[39m
    [90m705| [39m                
engine[33m.[39m[34mtogglePlan[39m([34m0[39m[33m,[39m [34m2[39m)[33m;[39m
    [90m706| [39m
    [90m707| [39m                
expect(spy).toHaveBeenCalledWith(expect.objectContainiΓÇª
    [90m   | [39m                            [31m^[39m
    [90m708| [39m                    type[33m:[39m 
[32m'warning'[39m[33m,[39m
    [90m709| [39m                    text: expect.stringContaining('Distance 
MultiplierΓÇª

[31m[2mΓÄ»ΓÄ»ΓÄ»ΓÄ»ΓÄ»ΓÄ»ΓÄ»ΓÄ»ΓÄ»ΓÄ»ΓÄ»ΓÄ»ΓÄ»ΓÄ»ΓÄ»ΓÄ»ΓÄ»ΓÄ»ΓÄ»ΓÄ»ΓÄ»ΓÄ»ΓÄ»ΓÄ»[1/
1]ΓÄ»[22m[39m


[2m Test Files [22m [1m[31m1 failed[39m[22m[90m (1)[39m
[2m      Tests [22m [1m[31m1 failed[39m[22m[2m | [22m[1m[32m37 passed[39m[22m[90m (38)[39m
[2m   Start at [22m 08:28:43
[2m   Duration [22m 246ms[2m (transform 95ms, setup 0ms, import 116ms, tests 21ms, environment 0ms)[22m

